Compiling fs tests using Baseline cFE version with following flags: -DCFE_LINUX -DSOCKET_QUEUE -DUT_SHOW_PASS -DUT_VERBOSE

>>> [CLEAN] - REMOVE <CFS_MISSION_INC> HEADER FILES <<<


>>> [CLEAN] REMOVE BUILD/INC HEADER FILES <<<

make -C cfe/unit-test/fs clean
make[1]: Entering directory `/mnt/disk2/mdeschu/cfe-660-ut/build/cpu1/cfe/unit-test/fs'
rm -f cfe_fs_decompress.o cfe_fs_api.o cfe_fs_priv.o ut_stubs.o ut_bsp_stubs.o ut_osprintf_stubs.o ut_es_stubs.o ut_evs_stubs.o ut_sb_stubs.o ut_time_stubs.o ut_tbl_stubs.o fs_UT.o fs_UT
rm -f *.lis
rm -f *.g*
rm -f *.d
make[1]: Leaving directory `/mnt/disk2/mdeschu/cfe-660-ut/build/cpu1/cfe/unit-test/fs'

>>> [PRE-BUILD] VERIFY OSAL CONFIGURED <<<


>>> [PRE-BUILD] GET MISSING HEADER FILES FROM <CFS_MISSION> CORE <<<

`/home/mdeschu/cfe-660-ut/cfe/fsw/mission_inc/cfe_mission_cfg.h' -> `/home/mdeschu/cfe-660-ut/build/mission_inc/cfe_mission_cfg.h'
`/home/mdeschu/cfe-660-ut/cfe/fsw/mission_inc/cfe_perfids.h' -> `/home/mdeschu/cfe-660-ut/build/mission_inc/cfe_perfids.h'
`/home/mdeschu/cfe-660-ut/cfe/fsw/platform_inc/cpu1/cfe_msgids.h' -> `inc/cfe_msgids.h'
`/home/mdeschu/cfe-660-ut/cfe/fsw/platform_inc/cpu1/cfe_platform_cfg.h' -> `inc/cfe_platform_cfg.h'
`/home/mdeschu/cfe-660-ut/osal/build/inc/osconfig.h' -> `inc/osconfig.h'

>>> [PRE-BUILD] GET MISSING HEADER FILES FROM <CFS_APP_SRC>/INC <<<

`/home/mdeschu/cfe-660-ut/apps/inc/sample_lib.h' -> `/home/mdeschu/cfe-660-ut/build/mission_inc/sample_lib.h'

>>> [PRE-BUILD] GET MISSING HEADER FILES FROM <APP>/PUBLIC_INC <<<

`/home/mdeschu/cfe-660-ut/apps/sample_lib/fsw/public_inc/sample_lib.h' -> `inc/sample_lib.h'

>>> [PRE-BUILD] GET MISSING HEADER FILES FROM <APP>/MISSION_INC <<<

`/home/mdeschu/cfe-660-ut/apps/sample_app/fsw/mission_inc/sample_app_perfids.h' -> `/home/mdeschu/cfe-660-ut/build/mission_inc/sample_app_perfids.h'
`/home/mdeschu/cfe-660-ut/apps/ci_lab/fsw/mission_inc/ci_lab_perfids.h' -> `/home/mdeschu/cfe-660-ut/build/mission_inc/ci_lab_perfids.h'
`/home/mdeschu/cfe-660-ut/apps/to_lab/fsw/mission_inc/to_lab_perfids.h' -> `/home/mdeschu/cfe-660-ut/build/mission_inc/to_lab_perfids.h'
`/home/mdeschu/cfe-660-ut/apps/sch_lab/fsw/mission_inc/sch_lab_perfids.h' -> `/home/mdeschu/cfe-660-ut/build/mission_inc/sch_lab_perfids.h'

>>> [PRE-BUILD] GET MISSING HEADER FILES FROM <APP>/PLATFORM_INC <<<

`/home/mdeschu/cfe-660-ut/apps/sample_app/fsw/platform_inc/sample_app_msgids.h' -> `inc/sample_app_msgids.h'
`/home/mdeschu/cfe-660-ut/apps/ci_lab/fsw/platform_inc/ci_lab_msgids.h' -> `inc/ci_lab_msgids.h'
`/home/mdeschu/cfe-660-ut/apps/to_lab/fsw/platform_inc/to_lab_msgids.h' -> `inc/to_lab_msgids.h'
`/home/mdeschu/cfe-660-ut/apps/to_lab/fsw/platform_inc/to_lab_sub_table.h' -> `inc/to_lab_sub_table.h'
`/home/mdeschu/cfe-660-ut/apps/sch_lab/fsw/platform_inc/sch_lab_sched_tab.h' -> `inc/sch_lab_sched_tab.h'

>>> [PRE-BUILD] CREATING MISSING <APP> BUILD DIRECTORIES <<<


>>> [PRE-BUILD] GET MISSING MAKEFILES FROM <APP>/FOR_BUILD <<<

make -C cfe/unit-test/fs
make[1]: Entering directory `/mnt/disk2/mdeschu/cfe-660-ut/build/cpu1/cfe/unit-test/fs'
gcc -pg -fprofile-arcs -ftest-coverage -DCFE_LINUX -DSOCKET_QUEUE -DUT_SHOW_PASS -DUT_VERBOSE -I/home/mdeschu/cfe-660-ut/osal/src/os/inc -I/home/mdeschu/cfe-660-ut/osal/ut_assert/inc -I/home/mdeschu/cfe-660-ut/cfe/fsw/cfe-core/src/fs -I/home/mdeschu/cfe-660-ut/cfe/fsw/cfe-core/src/inc -I/home/mdeschu/cfe-660-ut/cfe/fsw/cfe-core/src/es -I/home/mdeschu/cfe-660-ut/cfe/fsw/cfe-core/src/evs -I/home/mdeschu/cfe-660-ut/cfe/fsw/cfe-core/src/sb -I/home/mdeschu/cfe-660-ut/cfe/fsw/cfe-core/src/tbl -I/home/mdeschu/cfe-660-ut/cfe/fsw/cfe-core/src/time -I/home/mdeschu/cfe-660-ut/psp/fsw/inc -I/home/mdeschu/cfe-660-ut/psp/fsw/pc-linux/inc -I/home/mdeschu/cfe-660-ut/build/mission_inc -I/home/mdeschu/cfe-660-ut/cfe/fsw/cfe-core/unit-test -I../../../inc   -D_EL -DENDIAN=_EL -DSOFTWARE_LITTLE_BIT_ORDER  -D__ix86__ -D_ix86_ -D_LINUX_OS_  -Dposix -DX86PC -DBUILD= -D_REENTRANT -D _EMBED_   -m32  -Wall -Wstrict-prototypes -g -O0 -DOS_DEBUG_LEVEL=3 -c -o cfe_fs_decompress.o /home/mdeschu/cfe-660-ut/cfe/fsw/cfe-core/src/fs/cfe_fs_decompress.c
gcc -pg -fprofile-arcs -ftest-coverage -DCFE_LINUX -DSOCKET_QUEUE -DUT_SHOW_PASS -DUT_VERBOSE -I/home/mdeschu/cfe-660-ut/osal/src/os/inc -I/home/mdeschu/cfe-660-ut/osal/ut_assert/inc -I/home/mdeschu/cfe-660-ut/cfe/fsw/cfe-core/src/fs -I/home/mdeschu/cfe-660-ut/cfe/fsw/cfe-core/src/inc -I/home/mdeschu/cfe-660-ut/cfe/fsw/cfe-core/src/es -I/home/mdeschu/cfe-660-ut/cfe/fsw/cfe-core/src/evs -I/home/mdeschu/cfe-660-ut/cfe/fsw/cfe-core/src/sb -I/home/mdeschu/cfe-660-ut/cfe/fsw/cfe-core/src/tbl -I/home/mdeschu/cfe-660-ut/cfe/fsw/cfe-core/src/time -I/home/mdeschu/cfe-660-ut/psp/fsw/inc -I/home/mdeschu/cfe-660-ut/psp/fsw/pc-linux/inc -I/home/mdeschu/cfe-660-ut/build/mission_inc -I/home/mdeschu/cfe-660-ut/cfe/fsw/cfe-core/unit-test -I../../../inc   -D_EL -DENDIAN=_EL -DSOFTWARE_LITTLE_BIT_ORDER  -D__ix86__ -D_ix86_ -D_LINUX_OS_  -Dposix -DX86PC -DBUILD= -D_REENTRANT -D _EMBED_   -m32  -Wall -Wstrict-prototypes -g -O0 -DOS_DEBUG_LEVEL=3 -c -o cfe_fs_api.o /home/mdeschu/cfe-660-ut/cfe/fsw/cfe-core/src/fs/cfe_fs_api.c
gcc -pg -fprofile-arcs -ftest-coverage -DCFE_LINUX -DSOCKET_QUEUE -DUT_SHOW_PASS -DUT_VERBOSE -I/home/mdeschu/cfe-660-ut/osal/src/os/inc -I/home/mdeschu/cfe-660-ut/osal/ut_assert/inc -I/home/mdeschu/cfe-660-ut/cfe/fsw/cfe-core/src/fs -I/home/mdeschu/cfe-660-ut/cfe/fsw/cfe-core/src/inc -I/home/mdeschu/cfe-660-ut/cfe/fsw/cfe-core/src/es -I/home/mdeschu/cfe-660-ut/cfe/fsw/cfe-core/src/evs -I/home/mdeschu/cfe-660-ut/cfe/fsw/cfe-core/src/sb -I/home/mdeschu/cfe-660-ut/cfe/fsw/cfe-core/src/tbl -I/home/mdeschu/cfe-660-ut/cfe/fsw/cfe-core/src/time -I/home/mdeschu/cfe-660-ut/psp/fsw/inc -I/home/mdeschu/cfe-660-ut/psp/fsw/pc-linux/inc -I/home/mdeschu/cfe-660-ut/build/mission_inc -I/home/mdeschu/cfe-660-ut/cfe/fsw/cfe-core/unit-test -I../../../inc   -D_EL -DENDIAN=_EL -DSOFTWARE_LITTLE_BIT_ORDER  -D__ix86__ -D_ix86_ -D_LINUX_OS_  -Dposix -DX86PC -DBUILD= -D_REENTRANT -D _EMBED_   -m32  -Wall -Wstrict-prototypes -g -O0 -DOS_DEBUG_LEVEL=3 -c -o cfe_fs_priv.o /home/mdeschu/cfe-660-ut/cfe/fsw/cfe-core/src/fs/cfe_fs_priv.c
gcc -pg -fprofile-arcs -ftest-coverage -DCFE_LINUX -DSOCKET_QUEUE -DUT_SHOW_PASS -DUT_VERBOSE -I/home/mdeschu/cfe-660-ut/osal/src/os/inc -I/home/mdeschu/cfe-660-ut/osal/ut_assert/inc -I/home/mdeschu/cfe-660-ut/cfe/fsw/cfe-core/src/fs -I/home/mdeschu/cfe-660-ut/cfe/fsw/cfe-core/src/inc -I/home/mdeschu/cfe-660-ut/cfe/fsw/cfe-core/src/es -I/home/mdeschu/cfe-660-ut/cfe/fsw/cfe-core/src/evs -I/home/mdeschu/cfe-660-ut/cfe/fsw/cfe-core/src/sb -I/home/mdeschu/cfe-660-ut/cfe/fsw/cfe-core/src/tbl -I/home/mdeschu/cfe-660-ut/cfe/fsw/cfe-core/src/time -I/home/mdeschu/cfe-660-ut/psp/fsw/inc -I/home/mdeschu/cfe-660-ut/psp/fsw/pc-linux/inc -I/home/mdeschu/cfe-660-ut/build/mission_inc -I/home/mdeschu/cfe-660-ut/cfe/fsw/cfe-core/unit-test -I../../../inc   -D_EL -DENDIAN=_EL -DSOFTWARE_LITTLE_BIT_ORDER  -D__ix86__ -D_ix86_ -D_LINUX_OS_  -Dposix -DX86PC -DBUILD= -D_REENTRANT -D _EMBED_   -m32  -Wall -Wstrict-prototypes -g -O0 -DOS_DEBUG_LEVEL=3 -c -o ut_stubs.o /home/mdeschu/cfe-660-ut/cfe/fsw/cfe-core/unit-test/ut_stubs.c
gcc -pg -fprofile-arcs -ftest-coverage -DCFE_LINUX -DSOCKET_QUEUE -DUT_SHOW_PASS -DUT_VERBOSE -I/home/mdeschu/cfe-660-ut/osal/src/os/inc -I/home/mdeschu/cfe-660-ut/osal/ut_assert/inc -I/home/mdeschu/cfe-660-ut/cfe/fsw/cfe-core/src/fs -I/home/mdeschu/cfe-660-ut/cfe/fsw/cfe-core/src/inc -I/home/mdeschu/cfe-660-ut/cfe/fsw/cfe-core/src/es -I/home/mdeschu/cfe-660-ut/cfe/fsw/cfe-core/src/evs -I/home/mdeschu/cfe-660-ut/cfe/fsw/cfe-core/src/sb -I/home/mdeschu/cfe-660-ut/cfe/fsw/cfe-core/src/tbl -I/home/mdeschu/cfe-660-ut/cfe/fsw/cfe-core/src/time -I/home/mdeschu/cfe-660-ut/psp/fsw/inc -I/home/mdeschu/cfe-660-ut/psp/fsw/pc-linux/inc -I/home/mdeschu/cfe-660-ut/build/mission_inc -I/home/mdeschu/cfe-660-ut/cfe/fsw/cfe-core/unit-test -I../../../inc   -D_EL -DENDIAN=_EL -DSOFTWARE_LITTLE_BIT_ORDER  -D__ix86__ -D_ix86_ -D_LINUX_OS_  -Dposix -DX86PC -DBUILD= -D_REENTRANT -D _EMBED_   -m32  -Wall -Wstrict-prototypes -g -O0 -DOS_DEBUG_LEVEL=3 -c -o ut_bsp_stubs.o /home/mdeschu/cfe-660-ut/cfe/fsw/cfe-core/unit-test/ut_bsp_stubs.c
gcc -pg -fprofile-arcs -ftest-coverage -DCFE_LINUX -DSOCKET_QUEUE -DUT_SHOW_PASS -DUT_VERBOSE -I/home/mdeschu/cfe-660-ut/osal/src/os/inc -I/home/mdeschu/cfe-660-ut/osal/ut_assert/inc -I/home/mdeschu/cfe-660-ut/cfe/fsw/cfe-core/src/fs -I/home/mdeschu/cfe-660-ut/cfe/fsw/cfe-core/src/inc -I/home/mdeschu/cfe-660-ut/cfe/fsw/cfe-core/src/es -I/home/mdeschu/cfe-660-ut/cfe/fsw/cfe-core/src/evs -I/home/mdeschu/cfe-660-ut/cfe/fsw/cfe-core/src/sb -I/home/mdeschu/cfe-660-ut/cfe/fsw/cfe-core/src/tbl -I/home/mdeschu/cfe-660-ut/cfe/fsw/cfe-core/src/time -I/home/mdeschu/cfe-660-ut/psp/fsw/inc -I/home/mdeschu/cfe-660-ut/psp/fsw/pc-linux/inc -I/home/mdeschu/cfe-660-ut/build/mission_inc -I/home/mdeschu/cfe-660-ut/cfe/fsw/cfe-core/unit-test -I../../../inc   -D_EL -DENDIAN=_EL -DSOFTWARE_LITTLE_BIT_ORDER  -D__ix86__ -D_ix86_ -D_LINUX_OS_  -Dposix -DX86PC -DBUILD= -D_REENTRANT -D _EMBED_   -m32  -Wall -Wstrict-prototypes -g -O0 -DOS_DEBUG_LEVEL=3 -c -o ut_osprintf_stubs.o /home/mdeschu/cfe-660-ut/cfe/fsw/cfe-core/unit-test/ut_osprintf_stubs.c
gcc -pg -fprofile-arcs -ftest-coverage -DCFE_LINUX -DSOCKET_QUEUE -DUT_SHOW_PASS -DUT_VERBOSE -I/home/mdeschu/cfe-660-ut/osal/src/os/inc -I/home/mdeschu/cfe-660-ut/osal/ut_assert/inc -I/home/mdeschu/cfe-660-ut/cfe/fsw/cfe-core/src/fs -I/home/mdeschu/cfe-660-ut/cfe/fsw/cfe-core/src/inc -I/home/mdeschu/cfe-660-ut/cfe/fsw/cfe-core/src/es -I/home/mdeschu/cfe-660-ut/cfe/fsw/cfe-core/src/evs -I/home/mdeschu/cfe-660-ut/cfe/fsw/cfe-core/src/sb -I/home/mdeschu/cfe-660-ut/cfe/fsw/cfe-core/src/tbl -I/home/mdeschu/cfe-660-ut/cfe/fsw/cfe-core/src/time -I/home/mdeschu/cfe-660-ut/psp/fsw/inc -I/home/mdeschu/cfe-660-ut/psp/fsw/pc-linux/inc -I/home/mdeschu/cfe-660-ut/build/mission_inc -I/home/mdeschu/cfe-660-ut/cfe/fsw/cfe-core/unit-test -I../../../inc   -D_EL -DENDIAN=_EL -DSOFTWARE_LITTLE_BIT_ORDER  -D__ix86__ -D_ix86_ -D_LINUX_OS_  -Dposix -DX86PC -DBUILD= -D_REENTRANT -D _EMBED_   -m32  -Wall -Wstrict-prototypes -g -O0 -DOS_DEBUG_LEVEL=3 -c -o ut_es_stubs.o /home/mdeschu/cfe-660-ut/cfe/fsw/cfe-core/unit-test/ut_es_stubs.c
gcc -pg -fprofile-arcs -ftest-coverage -DCFE_LINUX -DSOCKET_QUEUE -DUT_SHOW_PASS -DUT_VERBOSE -I/home/mdeschu/cfe-660-ut/osal/src/os/inc -I/home/mdeschu/cfe-660-ut/osal/ut_assert/inc -I/home/mdeschu/cfe-660-ut/cfe/fsw/cfe-core/src/fs -I/home/mdeschu/cfe-660-ut/cfe/fsw/cfe-core/src/inc -I/home/mdeschu/cfe-660-ut/cfe/fsw/cfe-core/src/es -I/home/mdeschu/cfe-660-ut/cfe/fsw/cfe-core/src/evs -I/home/mdeschu/cfe-660-ut/cfe/fsw/cfe-core/src/sb -I/home/mdeschu/cfe-660-ut/cfe/fsw/cfe-core/src/tbl -I/home/mdeschu/cfe-660-ut/cfe/fsw/cfe-core/src/time -I/home/mdeschu/cfe-660-ut/psp/fsw/inc -I/home/mdeschu/cfe-660-ut/psp/fsw/pc-linux/inc -I/home/mdeschu/cfe-660-ut/build/mission_inc -I/home/mdeschu/cfe-660-ut/cfe/fsw/cfe-core/unit-test -I../../../inc   -D_EL -DENDIAN=_EL -DSOFTWARE_LITTLE_BIT_ORDER  -D__ix86__ -D_ix86_ -D_LINUX_OS_  -Dposix -DX86PC -DBUILD= -D_REENTRANT -D _EMBED_   -m32  -Wall -Wstrict-prototypes -g -O0 -DOS_DEBUG_LEVEL=3 -c -o ut_evs_stubs.o /home/mdeschu/cfe-660-ut/cfe/fsw/cfe-core/unit-test/ut_evs_stubs.c
gcc -pg -fprofile-arcs -ftest-coverage -DCFE_LINUX -DSOCKET_QUEUE -DUT_SHOW_PASS -DUT_VERBOSE -I/home/mdeschu/cfe-660-ut/osal/src/os/inc -I/home/mdeschu/cfe-660-ut/osal/ut_assert/inc -I/home/mdeschu/cfe-660-ut/cfe/fsw/cfe-core/src/fs -I/home/mdeschu/cfe-660-ut/cfe/fsw/cfe-core/src/inc -I/home/mdeschu/cfe-660-ut/cfe/fsw/cfe-core/src/es -I/home/mdeschu/cfe-660-ut/cfe/fsw/cfe-core/src/evs -I/home/mdeschu/cfe-660-ut/cfe/fsw/cfe-core/src/sb -I/home/mdeschu/cfe-660-ut/cfe/fsw/cfe-core/src/tbl -I/home/mdeschu/cfe-660-ut/cfe/fsw/cfe-core/src/time -I/home/mdeschu/cfe-660-ut/psp/fsw/inc -I/home/mdeschu/cfe-660-ut/psp/fsw/pc-linux/inc -I/home/mdeschu/cfe-660-ut/build/mission_inc -I/home/mdeschu/cfe-660-ut/cfe/fsw/cfe-core/unit-test -I../../../inc   -D_EL -DENDIAN=_EL -DSOFTWARE_LITTLE_BIT_ORDER  -D__ix86__ -D_ix86_ -D_LINUX_OS_  -Dposix -DX86PC -DBUILD= -D_REENTRANT -D _EMBED_   -m32  -Wall -Wstrict-prototypes -g -O0 -DOS_DEBUG_LEVEL=3 -c -o ut_sb_stubs.o /home/mdeschu/cfe-660-ut/cfe/fsw/cfe-core/unit-test/ut_sb_stubs.c
gcc -pg -fprofile-arcs -ftest-coverage -DCFE_LINUX -DSOCKET_QUEUE -DUT_SHOW_PASS -DUT_VERBOSE -I/home/mdeschu/cfe-660-ut/osal/src/os/inc -I/home/mdeschu/cfe-660-ut/osal/ut_assert/inc -I/home/mdeschu/cfe-660-ut/cfe/fsw/cfe-core/src/fs -I/home/mdeschu/cfe-660-ut/cfe/fsw/cfe-core/src/inc -I/home/mdeschu/cfe-660-ut/cfe/fsw/cfe-core/src/es -I/home/mdeschu/cfe-660-ut/cfe/fsw/cfe-core/src/evs -I/home/mdeschu/cfe-660-ut/cfe/fsw/cfe-core/src/sb -I/home/mdeschu/cfe-660-ut/cfe/fsw/cfe-core/src/tbl -I/home/mdeschu/cfe-660-ut/cfe/fsw/cfe-core/src/time -I/home/mdeschu/cfe-660-ut/psp/fsw/inc -I/home/mdeschu/cfe-660-ut/psp/fsw/pc-linux/inc -I/home/mdeschu/cfe-660-ut/build/mission_inc -I/home/mdeschu/cfe-660-ut/cfe/fsw/cfe-core/unit-test -I../../../inc   -D_EL -DENDIAN=_EL -DSOFTWARE_LITTLE_BIT_ORDER  -D__ix86__ -D_ix86_ -D_LINUX_OS_  -Dposix -DX86PC -DBUILD= -D_REENTRANT -D _EMBED_   -m32  -Wall -Wstrict-prototypes -g -O0 -DOS_DEBUG_LEVEL=3 -c -o ut_time_stubs.o /home/mdeschu/cfe-660-ut/cfe/fsw/cfe-core/unit-test/ut_time_stubs.c
gcc -pg -fprofile-arcs -ftest-coverage -DCFE_LINUX -DSOCKET_QUEUE -DUT_SHOW_PASS -DUT_VERBOSE -I/home/mdeschu/cfe-660-ut/osal/src/os/inc -I/home/mdeschu/cfe-660-ut/osal/ut_assert/inc -I/home/mdeschu/cfe-660-ut/cfe/fsw/cfe-core/src/fs -I/home/mdeschu/cfe-660-ut/cfe/fsw/cfe-core/src/inc -I/home/mdeschu/cfe-660-ut/cfe/fsw/cfe-core/src/es -I/home/mdeschu/cfe-660-ut/cfe/fsw/cfe-core/src/evs -I/home/mdeschu/cfe-660-ut/cfe/fsw/cfe-core/src/sb -I/home/mdeschu/cfe-660-ut/cfe/fsw/cfe-core/src/tbl -I/home/mdeschu/cfe-660-ut/cfe/fsw/cfe-core/src/time -I/home/mdeschu/cfe-660-ut/psp/fsw/inc -I/home/mdeschu/cfe-660-ut/psp/fsw/pc-linux/inc -I/home/mdeschu/cfe-660-ut/build/mission_inc -I/home/mdeschu/cfe-660-ut/cfe/fsw/cfe-core/unit-test -I../../../inc   -D_EL -DENDIAN=_EL -DSOFTWARE_LITTLE_BIT_ORDER  -D__ix86__ -D_ix86_ -D_LINUX_OS_  -Dposix -DX86PC -DBUILD= -D_REENTRANT -D _EMBED_   -m32  -Wall -Wstrict-prototypes -g -O0 -DOS_DEBUG_LEVEL=3 -c -o ut_tbl_stubs.o /home/mdeschu/cfe-660-ut/cfe/fsw/cfe-core/unit-test/ut_tbl_stubs.c
gcc -pg -fprofile-arcs -ftest-coverage -DCFE_LINUX -DSOCKET_QUEUE -DUT_SHOW_PASS -DUT_VERBOSE -I/home/mdeschu/cfe-660-ut/osal/src/os/inc -I/home/mdeschu/cfe-660-ut/osal/ut_assert/inc -I/home/mdeschu/cfe-660-ut/cfe/fsw/cfe-core/src/fs -I/home/mdeschu/cfe-660-ut/cfe/fsw/cfe-core/src/inc -I/home/mdeschu/cfe-660-ut/cfe/fsw/cfe-core/src/es -I/home/mdeschu/cfe-660-ut/cfe/fsw/cfe-core/src/evs -I/home/mdeschu/cfe-660-ut/cfe/fsw/cfe-core/src/sb -I/home/mdeschu/cfe-660-ut/cfe/fsw/cfe-core/src/tbl -I/home/mdeschu/cfe-660-ut/cfe/fsw/cfe-core/src/time -I/home/mdeschu/cfe-660-ut/psp/fsw/inc -I/home/mdeschu/cfe-660-ut/psp/fsw/pc-linux/inc -I/home/mdeschu/cfe-660-ut/build/mission_inc -I/home/mdeschu/cfe-660-ut/cfe/fsw/cfe-core/unit-test -I../../../inc   -D_EL -DENDIAN=_EL -DSOFTWARE_LITTLE_BIT_ORDER  -D__ix86__ -D_ix86_ -D_LINUX_OS_  -Dposix -DX86PC -DBUILD= -D_REENTRANT -D _EMBED_   -m32  -Wall -Wstrict-prototypes -g -O0 -DOS_DEBUG_LEVEL=3 -c -o fs_UT.o /home/mdeschu/cfe-660-ut/cfe/fsw/cfe-core/unit-test/fs_UT.c
gcc -o fs_UT cfe_fs_decompress.o cfe_fs_api.o cfe_fs_priv.o ut_stubs.o ut_bsp_stubs.o ut_osprintf_stubs.o ut_es_stubs.o ut_evs_stubs.o ut_sb_stubs.o ut_time_stubs.o ut_tbl_stubs.o fs_UT.o -pg -fprofile-arcs -ftest-coverage -m32 ../libut_osapi_stubs/libut_osapi_stubs.a ../libut_bsp/libut_bsp.a ../libut_assert/libut_assert.a
make[1]: Leaving directory `/mnt/disk2/mdeschu/cfe-660-ut/build/cpu1/cfe/unit-test/fs'
make -C cfe/unit-test/fs gcov
make[1]: Entering directory `/mnt/disk2/mdeschu/cfe-660-ut/build/cpu1/cfe/unit-test/fs'

Running unit test: gcov

./fs_UT

[BEGIN] PC-LINUX UNIT TEST
Making directories: ram0, ram1, eeprom1 for OSAL mount points
[ INFO] cFE FS Unit Test Output File




[BEGIN] 01 Test_CFE_FS_InitHeader
[ PASS] 01.001 fs_UT.c:83 - CFE_FS_InitHeader - Initialize header - successful
[  END] 01 Test_CFE_FS_InitHeader TOTAL::1     PASS::1     FAIL::0      MIR::0      TSF::0      N/A::0   


[BEGIN] 02 Test_CFE_FS_ReadHeader
[ INFO] Begin Test Read Header


[ PASS] 02.001 fs_UT.c:104 - CFE_FS_ReadHeader - Header read lseek failed
[ PASS] 02.002 fs_UT.c:113 - CFE_FS_ReadHeader - Header read - successful
[  END] 02 Test_CFE_FS_ReadHeader TOTAL::2     PASS::2     FAIL::0      MIR::0      TSF::0      N/A::0   


[BEGIN] 03 Test_CFE_FS_WriteHeader
[ INFO] Begin Test Write Header


[ PASS] 03.001 fs_UT.c:134 - CFE_FS_WriteHeader - Header write lseek failed
[ PASS] 03.002 fs_UT.c:143 - CFE_FS_WriteHeader - Header write - successful
[  END] 03 Test_CFE_FS_WriteHeader TOTAL::2     PASS::2     FAIL::0      MIR::0      TSF::0      N/A::0   


[BEGIN] 04 Test_CFE_FS_SetTimestamp
[ INFO] Begin Test Set Time Stamp


[ INFO]   CFE_FS:SetTime-Failed to lseek time fields (Status=0xFFFFFFFF)


[ PASS] 04.001 fs_UT.c:164 - CFE_FS_SetTimestamp - Failed to lseek time fields
[ INFO]   CFE_FS:SetTime-Failed to write Seconds (Status=0xFFFFFFFF)


[ PASS] 04.002 fs_UT.c:172 - CFE_FS_SetTimestamp - Failed to write seconds
[ INFO]   CFE_FS:SetTime-Failed to write Seconds (Status=0x00000000)


[ PASS] 04.003 fs_UT.c:180 - CFE_FS_SetTimestamp - Failed to write subseconds
[ PASS] 04.004 fs_UT.c:187 - CFE_FS_SetTimestamp - Write time stamp - successful
[  END] 04 Test_CFE_FS_SetTimestamp TOTAL::4     PASS::4     FAIL::0      MIR::0      TSF::0      N/A::0   


[BEGIN] 05 Test_CFE_FS_ByteSwapCFEHeader
[ INFO] Begin Test Byte Swap cFE Header


[ PASS] 05.001 fs_UT.c:216 - CFE_FS_ByteSwapUint32 - Byte swap header - successful
[  END] 05 Test_CFE_FS_ByteSwapCFEHeader TOTAL::1     PASS::1     FAIL::0      MIR::0      TSF::0      N/A::0   


[BEGIN] 06 Test_CFE_FS_ByteSwapUint32
[ INFO] Begin Test Byte Swap uint32


[ PASS] 06.001 fs_UT.c:242 - CFE_FS_ByteSwapUint32 - Byte swap - successful
[  END] 06 Test_CFE_FS_ByteSwapUint32 TOTAL::1     PASS::1     FAIL::0      MIR::0      TSF::0      N/A::0   


[BEGIN] 07 Test_CFE_FS_IsGzFile
[ INFO] Begin Test Is .gz File


[ PASS] 07.001 fs_UT.c:258 - CFE_FS_IsGzFile - File name too short
[ PASS] 07.002 fs_UT.c:265 - CFE_FS_IsGzFile - File name missing .gz extension 1
[ PASS] 07.003 fs_UT.c:272 - CFE_FS_IsGzFile - Null file name
[ PASS] 07.004 fs_UT.c:279 - CFE_FS_IsGzFile - .gz file name check - successful
[ PASS] 07.005 fs_UT.c:286 - CFE_FS_IsGzFile - File name missing .gz extension 2
[ PASS] 07.006 fs_UT.c:293 - CFE_FS_IsGzFile - File name missing .gz extension 3
[  END] 07 Test_CFE_FS_IsGzFile TOTAL::6     PASS::6     FAIL::0      MIR::0      TSF::0      N/A::0   


[BEGIN] 08 Test_CFE_FS_ExtractFileNameFromPath
[ INFO] Begin Test Extract File Name from Path


[ PASS] 08.001 fs_UT.c:319 - CFE_FS_ExtractFilenameFromPath - Missing file path
[ PASS] 08.002 fs_UT.c:327 - CFE_FS_ExtractFilenameFromPath - Null name
[ PASS] 08.003 fs_UT.c:344 - CFE_FS_ExtractFilenameFromPath - Path/file name too long
[ PASS] 08.004 fs_UT.c:352 - CFE_FS_ExtractFilenameFromPath - Extract path name - successful
[ PASS] 08.005 fs_UT.c:360 - CFE_FS_ExtractFilenameFromPath - Null file name
[  END] 08 Test_CFE_FS_ExtractFileNameFrom TOTAL::5     PASS::5     FAIL::0      MIR::0      TSF::0      N/A::0   


[BEGIN] 09 Test_CFE_FS_Private
[ INFO] Begin Test Private


[ PASS] 09.001 fs_UT.c:378 - CFE_FS_EarlyInit - FS initialization - successful
[ INFO]   FS Shared Data Mutex creation failed! RC=0xffffffff


[ PASS] 09.002 fs_UT.c:386 - CFE_FS_EarlyInit - Mutex creation failure
[ PASS] 09.003 fs_UT.c:394 - CFE_FS_LockSharedData - Lock shared data - successful
[ INFO]   FS SharedData Mutex Take Err Stat=0xffffffff,App=0,Function=FunctionName


[ PASS] 09.004 fs_UT.c:403 - CFE_FS_LockSharedData - Shared data mutex take error
[ PASS] 09.005 fs_UT.c:412 - CFE_FS_UnlockSharedData - Unlock shared data - successful
[ INFO]   FS SharedData Mutex Give Err Stat=0xffffffff,App=0,Function=FunctionName


[ PASS] 09.006 fs_UT.c:421 - CFE_FS_UnlockSharedData - SharedData mutex give error
[ INFO] End Test Private



[  END] 09 Test_CFE_FS_Private  TOTAL::6     PASS::6     FAIL::0      MIR::0      TSF::0      N/A::0   


[BEGIN] 10 Test_CFE_FS_Decompress
[ INFO] Begin Test Decompress


[ INFO]   CFE_FS_Decompress: Cannot open source file: Filename.gz


[ PASS] 10.001 fs_UT.c:446 - CFE_FS_Decompress - Open failed
[ INFO]   CFE_FS_Decompress: Cannot open destination file: Output


[ PASS] 10.002 fs_UT.c:455 - CFE_FS_Decompress - Create failed
[ PASS] 10.003 fs_UT.c:467 - CFE_FS_Decompress - Decompress file - successful
[ PASS] 10.004 fs_UT.c:477 - CFE_FS_Decompress - File does not exist
[ PASS] 10.005 fs_UT.c:488 - FS_gz_inflate_fixed - Inflated type 1 decompression - successful
[ PASS] 10.006 fs_UT.c:496 - FS_gz_inflate_stored - Failed
[ PASS] 10.007 fs_UT.c:506 - FS_gz_fill_inbuf - gzip read error
[ PASS] 10.008 fs_UT.c:516 - FS_gz_flush_window - Write output - successful
[ INFO] End Test Decompress



[  END] 10 Test_CFE_FS_Decompress TOTAL::8     PASS::8     FAIL::0      MIR::0      TSF::0      N/A::0   


[BEGIN] 11 Test_CFE_FS_GetUncompressedFile
[ PASS] 11.001 fs_UT.c:542 - CFE_FS_GetUncompressedFile - Nominal Case
[ PASS] 11.002 fs_UT.c:547 - CFE_FS_GetUncompressedFile - Output file name correct
[ INFO]   FS_GetUncompressedFile: Unable to extract filename from path: (null).


[ PASS] 11.003 fs_UT.c:556 - CFE_FS_GetUncompressedFile - Bad Input Argument
[ INFO]   FS_GetUncompressedFile: Temporary path plus file name length (17) exceeds max allowed (1)


[ PASS] 11.004 fs_UT.c:565 - CFE_FS_GetUncompressedFile - Name Too Long
[ INFO]   CFE_FS_Decompress: Cannot open source file: /cf/Filename.gz


[ INFO]   FS_GetUncompressedFile: Unable to decompress /cf/Filename.gz, error=c600000c


[ PASS] 11.005 fs_UT.c:575 - CFE_FS_GetUncompressedFile - Decompress failure
[  END] 11 Test_CFE_FS_GetUncompressedFile TOTAL::5     PASS::5     FAIL::0      MIR::0      TSF::0      N/A::0   

[  END] 11 SUMMARY              TOTAL::41    PASS::41    FAIL::0      MIR::0      TSF::0      N/A::0   

COMPLETE: 11 tests Segment(s) executed


gcov: '/home/mdeschu/cfe-660-ut/cfe/fsw/cfe-core/src/fs/cfe_fs_decompress.c' 88.24%  442
gcov: '/home/mdeschu/cfe-660-ut/cfe/fsw/cfe-core/src/fs/cfe_fs_api.c' 100.00%  115
gcov: '/home/mdeschu/cfe-660-ut/cfe/fsw/cfe-core/src/fs/cfe_fs_priv.c' 100.00%  21

make[1]: Leaving directory `/mnt/disk2/mdeschu/cfe-660-ut/build/cpu1/cfe/unit-test/fs'
